AR full_adder fulladder_behav /home/william/Downloads/PraticaSD1/Full_Adder.vhd sub00/vhpl05 1686932305
AR and_2_vectors_4_bits behavioral /home/william/Downloads/PraticaSD1/AND_2_Vectors_4_Bits.vhd sub00/vhpl09 1686932317
AR not_vector_a behavioral /home/william/Downloads/PraticaSD1/NOT_Vector_A.vhd sub00/vhpl22 1686932323
AR sum_2_vectors_4_bits fouradder_structure /home/william/Downloads/PraticaSD1/SUM_2_Vectors_4_Bits.vhd sub00/vhpl16 1686932309
EN and_2_vectors_4_bits NULL /home/william/Downloads/PraticaSD1/AND_2_Vectors_4_Bits.vhd sub00/vhpl08 1686932316
EN product_vector_a_x_bit_b NULL /home/william/Downloads/PraticaSD1/PRODUCT_Vector_A_x_Bit_B.vhd sub00/vhpl13 1686932306
AR product_vector_a_x_bit_b behavioral /home/william/Downloads/PraticaSD1/PRODUCT_Vector_A_x_Bit_B.vhd sub00/vhpl14 1686932307
EN xor_2_vectors_4_bits NULL /home/william/Downloads/PraticaSD1/XOR_2_Vectors_4_Bits.vhd sub00/vhpl19 1686932320
AR double_vector_a behavioral /home/william/Downloads/PraticaSD1/DOUBLE_Vector_A.vhd sub00/vhpl11 1686932315
EN sum_2_vectors_4_bits NULL /home/william/Downloads/PraticaSD1/SUM_2_Vectors_4_Bits.vhd sub00/vhpl15 1686932308
EN half_adder NULL /home/william/Downloads/PraticaSD1/Half_Adder.vhd sub00/vhpl00 1686932302
AR inputs behavioral /home/william/Downloads/PraticaSD1/inputs.vhd sub00/vhpl23 1686932325
AR or_2_vectors_4_bits behavioral /home/william/Downloads/PraticaSD1/OR_2_Vectors_4_Bits.vhd sub00/vhpl03 1686932319
EN double_vector_a NULL /home/william/Downloads/PraticaSD1/DOUBLE_Vector_A.vhd sub00/vhpl10 1686932314
EN diff_2_vectors_4_bits NULL /home/william/Downloads/PraticaSD1/DIFF_2_Vectors_4_Bits.vhd sub00/vhpl06 1686932310
EN inputs NULL /home/william/Downloads/PraticaSD1/inputs.vhd sub00/vhpl12 1686932324
EN full_adder NULL /home/william/Downloads/PraticaSD1/Full_Adder.vhd sub00/vhpl04 1686932304
AR diff_2_vectors_4_bits behavioral /home/william/Downloads/PraticaSD1/DIFF_2_Vectors_4_Bits.vhd sub00/vhpl07 1686932311
EN not_vector_a NULL /home/william/Downloads/PraticaSD1/NOT_Vector_A.vhd sub00/vhpl21 1686932322
AR half_adder behavioral /home/william/Downloads/PraticaSD1/Half_Adder.vhd sub00/vhpl01 1686932303
EN or_2_vectors_4_bits NULL /home/william/Downloads/PraticaSD1/OR_2_Vectors_4_Bits.vhd sub00/vhpl02 1686932318
AR xor_2_vectors_4_bits behavioral /home/william/Downloads/PraticaSD1/XOR_2_Vectors_4_Bits.vhd sub00/vhpl20 1686932321
EN product_2_vectors_4_bits NULL /home/william/Downloads/PraticaSD1/PRODUCT_2_Vectors_4_Bits.vhd sub00/vhpl17 1686932312
AR product_2_vectors_4_bits behavioral /home/william/Downloads/PraticaSD1/PRODUCT_2_Vectors_4_Bits.vhd sub00/vhpl18 1686932313
